exports[`<Avatar /> should render with default props 1`] = `
<img
  src="https://github.com/ryanccollins.png" />
`;
