exports[`<Contributor /> should render with default props 1`] = `
<Heading
  align="center"
  justify="center"
  size="large"
  tag="h1">
  <undefined
    src="https://avatars.githubusercontent.com/u/13810084?v=3" />
  <Heading
    align="center"
    tag="h3">
    Ryan Collins
  </Heading>
  <Paragraph>
    Experienced Software Engineer specializing in implementing cutting-edge technologies in a multitude of domains, focusing on React and Front End.  Weekend Data Scientist and Functional Programmer.
  </Paragraph>
  <Anchor
    href="https://github.com/ryanccollins"
    icon={
      <SocialGithub
        a11yTitleId="social-github-title"
        responsive={true} />
    }
    primary={true}
    tag="a">
    ryanccollins
  </Anchor>
</Heading>
`;
